2022-01-06 23:08:33,445:INFO:WikiScraper.py:Search string received
2022-01-06 23:08:33,445:INFO:WikiScraper.py:Search string treated
2022-01-06 23:08:33,445:INFO:WikiScraper.py:DB connection established
2022-01-06 23:08:51,293:INFO:WikiScraper.py:Search string received
2022-01-06 23:08:51,293:INFO:WikiScraper.py:Search string treated
2022-01-06 23:08:51,293:INFO:WikiScraper.py:DB connection established
2022-01-06 23:08:52,632:INFO:WikiScraper.py:Records not found in db
2022-01-06 23:08:53,448:INFO:WikiScraper.py:Search performed
2022-01-06 23:08:54,806:INFO:WikiScraper.py:Records stored in db
2022-01-06 23:08:54,808:INFO:WikiScraper.py:'NoneType' object is not iterable no results found, routed back to index
2022-01-06 23:50:32,088:INFO:WikiScraper.py:Search string received
2022-01-06 23:50:32,093:INFO:WikiScraper.py:Search string treated
2022-01-06 23:50:32,093:INFO:WikiScraper.py:DB connection established
2022-01-06 23:50:33,576:INFO:WikiScraper.py:Records not found in db
2022-01-06 23:50:36,231:INFO:WikiScraper.py:Search performed
2022-01-06 23:50:37,958:INFO:WikiScraper.py:Records stored in db
